$ vitest --run src/Hotkeys.test.jsx

[1m[46m RUN [49m[22m [36mv4.0.18 [39m[90m/home/vlitvin/projects/trekki[39m

 [32m✓[39m src/Hotkeys.test.jsx [2m([22m[2m4 tests[22m[2m)[22m[32m 262[2mms[22m[39m

[2m Test Files [22m [1m[32m1 passed[39m[22m[90m (1)[39m
[2m      Tests [22m [1m[32m4 passed[39m[22m[90m (4)[39m
[2m   Start at [22m 03:19:54
[2m   Duration [22m 713ms[2m (transform 47ms, setup 32ms, import 127ms, tests 262ms, environment 234ms)[22m

